
> ucontents-ui@0.1.0 build
> next build

Γû▓ Next.js 16.1.1 (Turbopack)
- Environments: .env.local

  Creating an optimized production build ...
Γ£ô Compiled successfully in 12.6s
  Running TypeScript ...
node.exe : Failed to compile.
At line:1 char:1
+ & "C:\Program Files\nodejs/node.exe" "C:\Program 
Files\nodejs/node_mo ...
+ ~~~~~~~~~~~~~~~~~~~~~~~~~~~~~~~~~~~~~~~~~~~~~~~~~~~~~~~~~~~~~~~~~~
~~~
    + CategoryInfo          : NotSpecified: (Failed to compile.:Str 
   ing) [], RemoteException
    + FullyQualifiedErrorId : NativeCommandError
 

./app/(customer)/configuration/ai-settings/page.tsx:455:88
Type error: Type 'string | null' is not assignable to type 'string'.
  Type 'null' is not assignable to type 'string'.

[0m [90m 453 |[39m                                 
[33m<[39m[33mSelect[39m
 [90m 454 |[39m                                     
value[33m=[39m{formData[33m.[39mprovider_id}
[31m[1m>[22m[39m[90m 455 |[39m                                
     onValueChange[33m=[39m{(val) [33m=>[39m setFormData({ 
[33m...[39mformData[33m,[39m provider_id[33m:[39m val })}
 [90m     |[39m                                                   
                                     [31m[1m^[22m[39m
 [90m 456 |[39m                                     required
 [90m 457 |[39m                                 [33m>[39m
 [90m 458 |[39m                                     
[33m<[39m[33mSelectTrigger[39m[33m>[39m[0m
Next.js build worker exited with code: 1 and signal: null
